// Jest Snapshot v1, https://goo.gl/fbAQLP

exports[`Badge should be rendered correctly 1`] = `
<div
  className="container uui-button-box uui-enabled root size-36 fill-solid badge-color-blue root"
  href={null}
  onClick={[Function]}
  onKeyDown={[Function]}
  tabIndex={0}
/>
`;

exports[`Badge should be rendered correctly with props 1`] = `
<div
  className="container uui-button-box uui-enabled -clickable root size-36 fill-semitransparent badge-color-amber root"
  href={null}
  onClick={[Function]}
  onKeyDown={[Function]}
  tabIndex={0}
>
  <div
    className="container uui-icon uui-enabled -clickable"
    onClick={[Function]}
  >
    <svg
      className=""
      height={24}
      viewBox="0 0 12 24"
      width={12}
    >
      <use
        xlinkHref="#calendar-18.svg"
      />
    </svg>
  </div>
  <div
    className="uui-count"
  >
    12
  </div>
  <div
    className="uui-caption"
  >
    Test badge
  </div>
  <div
    className="container uui-icon uui-enabled -clickable -clickable"
    onClick={[Function]}
  >
    <svg
      className=""
      height={24}
      viewBox="0 0 12 24"
      width={12}
    >
      <use
        xlinkHref="#btn-cross-18.svg"
      />
    </svg>
  </div>
</div>
`;
