// Jest Snapshot v1, https://goo.gl/fbAQLP

exports[`Paginator should be rendered correctly 1`] = `
<div
  className="root"
>
  <div
    className="container uui-button-box uui-enabled -clickable button-color-gray50 root size-24 fill-white fill-white size-24"
    href={null}
    onClick={[Function]}
    onKeyDown={[Function]}
    tabIndex={0}
  >
    <div
      className="container uui-icon uui-enabled"
    >
      <svg
        className=""
        height={24}
        viewBox="0 0 12 24"
        width={12}
      >
        <use
          xlinkHref="#navigation-chevron-left-18.svg"
        />
      </svg>
    </div>
  </div>
  <div
    className="container uui-button-box uui-enabled -clickable button-color-blue root size-24 fill-light fill-light size-24"
    href={null}
    onClick={[Function]}
    onKeyDown={[Function]}
    tabIndex={0}
  >
    <div
      className="uui-caption"
    >
      1
    </div>
  </div>
  <div
    className="container uui-button-box uui-enabled -clickable button-color-blue root size-24 fill-light fill-light size-24"
    href={null}
    onClick={[Function]}
    onKeyDown={[Function]}
    tabIndex={0}
  >
    <div
      className="uui-caption"
    >
      2
    </div>
  </div>
  <div
    className="container uui-button-box uui-enabled -clickable button-color-blue root size-24 fill-light fill-light size-24"
    href={null}
    onClick={[Function]}
    onKeyDown={[Function]}
    tabIndex={0}
  >
    <div
      className="uui-caption"
    >
      3
    </div>
  </div>
  <div
    className="container uui-button-box uui-enabled -clickable button-color-blue root size-24 fill-light fill-light size-24"
    href={null}
    onClick={[Function]}
    onKeyDown={[Function]}
    tabIndex={0}
  >
    <div
      className="uui-caption"
    >
      4
    </div>
  </div>
  <div
    className="container uui-button-box uui-enabled -clickable button-color-blue root size-24 fill-light fill-light size-24"
    href={null}
    onClick={[Function]}
    onKeyDown={[Function]}
    tabIndex={0}
  >
    <div
      className="uui-caption"
    >
      5
    </div>
  </div>
  <div
    className="container uui-button-box uui-enabled button-color-blue root size-24 fill-light fill-light size-24"
    href={null}
    onClick={[Function]}
    onKeyDown={[Function]}
    tabIndex={0}
  >
    <div
      className="uui-caption"
    >
      ...
    </div>
  </div>
  <div
    className="container uui-button-box uui-enabled -clickable button-color-blue root size-24 fill-light fill-light size-24"
    href={null}
    onClick={[Function]}
    onKeyDown={[Function]}
    tabIndex={0}
  >
    <div
      className="uui-caption"
    >
      10
    </div>
  </div>
  <div
    className="container uui-button-box uui-enabled -clickable button-color-gray50 root size-24 fill-white fill-white size-24"
    href={null}
    onClick={[Function]}
    onKeyDown={[Function]}
    tabIndex={0}
  >
    <div
      className="container uui-icon uui-enabled"
    >
      <svg
        className=""
        height={24}
        viewBox="0 0 12 24"
        width={12}
      >
        <use
          xlinkHref="#navigation-chevron-right-18.svg"
        />
      </svg>
    </div>
  </div>
</div>
`;
