// Jest Snapshot v1, https://goo.gl/fbAQLP

exports[`BurgerGroupHeader should render with default props 1`] = `
<div
  className="groupHeader"
>
  <hr
    className="line"
  />
  <span
    className="groupName"
  >
    test
  </span>
</div>
`;
