// Jest Snapshot v1, https://goo.gl/fbAQLP

exports[`Drop Marker should be rendered correctly 1`] = `
<div
  className="marker top"
/>
`;
