// Jest Snapshot v1, https://goo.gl/fbAQLP

exports[`TabButton should be rendered correctly 1`] = `
<div
  className="container uui-button-box uui-enabled root size-48 theme-light uui-no-left-icon uui-no-right-icon"
  href={null}
  onClick={[Function]}
  onKeyDown={[Function]}
  tabIndex={0}
/>
`;

exports[`TabButton should be rendered correctly with props 1`] = `
<div
  className="container uui-button-box uui-enabled -clickable root size-48 theme-light uui-has-left-icon uui-no-right-icon"
  href={null}
  onClick={[Function]}
  onKeyDown={[Function]}
  tabIndex={0}
>
  <div
    className="container uui-icon uui-enabled"
  >
    <svg
      className=""
      height={24}
      viewBox="0 0 12 24"
      width={12}
    >
      <use
        xlinkHref="#accept-12.svg"
      />
    </svg>
  </div>
</div>
`;
