// Jest Snapshot v1, https://goo.gl/fbAQLP

exports[`ControlWrapper should rendered correctly 1`] = `
<div
  className="root size-36"
>
  <div
    className="container uui-button-box uui-enabled root size-36 color-sky fill-solid style-square"
    href={null}
    onClick={[Function]}
    onKeyDown={[Function]}
    tabIndex={0}
  >
    <div
      className="uui-caption line-height-24 font-size-14 v-padding-5"
    >
      On
    </div>
  </div>
  <div
    className="container uui-button-box uui-enabled root size-36 color-sun fill-solid style-square"
    href={null}
    onClick={[Function]}
    onKeyDown={[Function]}
    tabIndex={0}
  >
    <div
      className="uui-caption line-height-24 font-size-14 v-padding-5"
    >
      Off
    </div>
  </div>
</div>
`;
