// Jest Snapshot v1, https://goo.gl/fbAQLP

exports[`MainMenuIcon should be rendered correctly 1`] = `
<div
  className="container"
>
  <div
    className="container uui-icon uui-enabled"
  >
    <svg
      className=""
      height={24}
      viewBox="0 0 12 24"
      width={12}
    >
      <use
        xlinkHref="#accept-12.svg"
      />
    </svg>
  </div>
</div>
`;

exports[`MainMenuIcon should be rendered correctly with props 1`] = `
<div
  className="container"
>
  <div
    className="container uui-icon uui-enabled"
  >
    <svg
      className=""
      height={24}
      viewBox="0 0 12 24"
      width={12}
    >
      <use
        xlinkHref="#accept-12.svg"
      />
    </svg>
  </div>
</div>
`;
