// Jest Snapshot v1, https://goo.gl/fbAQLP

exports[`AvatarRow should be rendered correctly 1`] = `
<div
  className="avatarRow"
>
  <img
    className="avatar avatarContent size-42"
    height="42"
    src="https://avatars.dicebear.com/api/human/avatar12.svg?background=%23EBEDF5&radius=50"
    width="42"
  />
</div>
`;
