// Jest Snapshot v1, https://goo.gl/fbAQLP

exports[`FlexRow should be rendered correctly 1`] = `
<div
  className="root size-36 background-none container align-items-center"
/>
`;

exports[`FlexRow should be rendered correctly with props 1`] = `
<div
  className="root size-24 background-gray5 padding-12 vPadding-12 margin-12 topShadow border-bottom-gray40 spacing-12 container -clickable align-items-top"
  onClick={[Function]}
/>
`;
