// Jest Snapshot v1, https://goo.gl/fbAQLP

exports[`Panel should be rendered correctly 1`] = `
<div
  className="root container"
/>
`;

exports[`Panel should be rendered correctly with props 1`] = `
<div
  className="root shadow margin-24 background-night50 container -clickable"
  onClick={[Function]}
/>
`;
